PS C:\Users\Owner> cd git_challenge
PS C:\Users\Owner\git_challenge> git init
Initialized empty Git repository in C:/Users/Owner/git_challenge/.git/
PS C:\Users\Owner\git_challenge> echo "Hello,world!" > hello_world.txt
PS C:\Users\Owner\git_challenge> git add hello_world.txt
PS C:\Users\Owner\git_challenge> git commit -m "hello_world.txtを追加"
[main (root-commit) a982d54] hello_world.txtを追加
 1 file changed, 0 insertions(+), 0 deletions(-)
 create mode 100644 hello_world.txt
PS C:\Users\Owner\git_challenge> echo "こんにちは、世界！" >> hello_world.txt

PS C:\Users\Owner\git_challenge> git add hello_world.txt
PS C:\Users\Owner\git_challenge> git commit -m "日本語訳を追記"
[main 759f978] 日本語訳を追記
 1 file changed, 0 insertions(+), 0 deletions(-)
PS C:\Users\Owner\git_challenge> git log --oneline
759f978 (HEAD -> main) 日本語訳を追記
a982d54 hello_world.txtを追加