PS C:\Users\Owner> mkdir git_challenge


    ディレクトリ: C:\Users\Owner


Mode                 LastWriteTime         Length Name
----                 -------------         ------ ----
d-----        2025/08/29     17:58                git_challenge


PS C:\Users\Owner> cd git_challenge
PS C:\Users\Owner\git_challenge> git init
Initialized empty Git repository in C:/Users/Owner/git_challenge/.git/
PS C:\Users\Owner\git_challenge> echo "Hello,World" > hello_world.txt
PS C:\Users\Owner\git_challenge> git add hello_world.txt              
PS C:\Users\Owner\git_challenge> git commit -m "hello_world.txtを追加"
[main (root-commit) 9fc4cb0] hello_world.txtを追加
 1 file changed, 0 insertions(+), 0 deletions(-)
 create mode 100644 hello_world.txt
PS C:\Users\Owner\git_challenge> git add hello_world.txt
PS C:\Users\Owner\git_challenge> git commit -m "日本語を追加"
[main 48c217c] 日本語を追加
 1 file changed, 0 insertions(+), 0 deletions(-)
PS C:\Users\Owner\git_challenge> git log --oneline
48c217c (HEAD -> main) 日本語を追加
9fc4cb0 hello_world.txtを追加